

Sun Oct 10 08:52:31 2021
Command line: TestDisk

TestDisk 7.1, Data Recovery Utility, July 2019
Christophe GRENIER <grenier@cgsecurity.org>
https://www.cgsecurity.org
OS: Linux, kernel 4.19.128-microsoft-standard (#1 SMP Tue Jun 23 12:58:10 UTC 2020) x86_64
Compiler: GCC 9.2
ext2fs lib: 1.45.5, ntfs lib: libntfs-3g, reiserfs lib: none, ewf lib: none, curses lib: ncurses 6.1
User is not root!
Warning: can't get size for Disk /dev/loop2 - 0 B - 0 sectors, sector size=512
Warning: can't get size for Disk /dev/loop3 - 0 B - 0 sectors, sector size=512
Warning: can't get size for Disk /dev/loop4 - 0 B - 0 sectors, sector size=512
Warning: can't get size for Disk /dev/loop5 - 0 B - 0 sectors, sector size=512
Warning: can't get size for Disk /dev/loop6 - 0 B - 0 sectors, sector size=512
Warning: can't get size for Disk /dev/loop7 - 0 B - 0 sectors, sector size=512
Hard disk list
Disk /dev/sda - 274 GB / 256 GiB - CHS 33418 255 63, sector size=512 - Msft Virtual Disk, FW:1.0
Disk /dev/sdb - 274 GB / 256 GiB - CHS 33418 255 63, sector size=512 - Msft Virtual Disk, FW:1.0
Disk /dev/sdc - 274 GB / 256 GiB - CHS 33418 255 63, sector size=512 - Msft Virtual Disk, FW:1.0
Disk /dev/sdd - 274 GB / 256 GiB - CHS 33418 255 63, sector size=512 - Msft Virtual Disk, FW:1.0
Disk /dev/loop0 - 415 MB / 396 MiB - 811436 sectors (RO), sector size=512
Disk /dev/loop1 - 365 MB / 348 MiB - 713980 sectors (RO), sector size=512

Partition table type (auto): None
Disk /dev/sda - 274 GB / 256 GiB - Msft Virtual Disk
Partition table type: None

Interface Advanced

recover_EXT2: s_block_group_nr=0/2048, s_mnt_count=1/4294967295, s_blocks_per_group=32768, s_inodes_per_group=8192
recover_EXT2: s_blocksize=4096
recover_EXT2: s_blocks_count 67108864
recover_EXT2: part_size 536870912
Filesystem created: Wed Apr 10 18:35:05 2019
Last mount time:    Sun Oct 10 00:41:57 2021
   P ext4                     0   0  1 33418 170 32  536870912
     ext4 blocksize=4096 Large_file Sparse_SB Recover, 274 GB / 256 GiB
SIGINT detected! TestDisk has been killed.
